<testsuites id="" name="" tests="3" failures="2" skipped="1" errors="0" time="74.897825">
<testsuite name="DoctorTests\VideoConsultationTest.spec.js" timestamp="2026-01-27T08:36:02.214Z" hostname="chromium" tests="3" failures="2" skipped="1" time="66.538" errors="0">
<testcase name="Video Consultation Tests for Doctor › TC002 - Verify that the waiting appointments" classname="DoctorTests\VideoConsultationTest.spec.js" time="30.095">
<failure message="VideoConsultationTest.spec.js:32:5 TC002 - Verify that the waiting appointments" type="FAILURE">
<![CDATA[  [chromium] › DoctorTests\VideoConsultationTest.spec.js:32:5 › Video Consultation Tests for Doctor › TC002 - Verify that the waiting appointments 

    Test timeout of 30000ms exceeded while running "beforeEach" hook.

      11 |
      12 | test.describe('Video Consultation Tests for Doctor', () => {
    > 13 |     test.beforeEach('TC001 - Login with valid credentials', async ({browser}) => {
         |          ^
      14 |         context = await browser.newContext({viewport: { width: 1200, height: 580}});
      15 |         await context.grantPermissions(['camera', 'microphone']);
      16 |         page = await context.newPage();
        at D:\PlayWright Automation\Deepam\tests\DoctorTests\VideoConsultationTest.spec.js:13:10

    Error: page.goto: Target page, context or browser has been closed
    Call log:
      - navigating to "https://qa-deepam.medyaan.com/", waiting until "load"


       at ..\Pages\BasePage\LoginPage.js:19

      17 |     }
      18 |     async LaunchURL(URL){
    > 19 |         await this.page.goto(URL);
         |                         ^
      20 |         await this.page.waitForTimeout(2000);
      21 |         await this.SignInDropdownButton.click();
      22 |     }
        at LoginPage.LaunchURL (D:\PlayWright Automation\Deepam\Pages\BasePage\LoginPage.js:19:25)
        at D:\PlayWright Automation\Deepam\tests\DoctorTests\VideoConsultationTest.spec.js:22:25
]]>
</failure>
</testcase>
<testcase name="Video Consultation Tests for Doctor › TC003 - Verify that the doctor is able to join the waiting video consultation call" classname="DoctorTests\VideoConsultationTest.spec.js" time="30.103">
<failure message="VideoConsultationTest.spec.js:38:5 TC003 - Verify that the doctor is able to join the waiting video consultation call" type="FAILURE">
<![CDATA[  [chromium] › DoctorTests\VideoConsultationTest.spec.js:38:5 › Video Consultation Tests for Doctor › TC003 - Verify that the doctor is able to join the waiting video consultation call 

    Test timeout of 30000ms exceeded while running "beforeEach" hook.

      11 |
      12 | test.describe('Video Consultation Tests for Doctor', () => {
    > 13 |     test.beforeEach('TC001 - Login with valid credentials', async ({browser}) => {
         |          ^
      14 |         context = await browser.newContext({viewport: { width: 1200, height: 580}});
      15 |         await context.grantPermissions(['camera', 'microphone']);
      16 |         page = await context.newPage();
        at D:\PlayWright Automation\Deepam\tests\DoctorTests\VideoConsultationTest.spec.js:13:10

    Error: page.goto: Target page, context or browser has been closed
    Call log:
      - navigating to "https://qa-deepam.medyaan.com/", waiting until "load"


       at ..\Pages\BasePage\LoginPage.js:19

      17 |     }
      18 |     async LaunchURL(URL){
    > 19 |         await this.page.goto(URL);
         |                         ^
      20 |         await this.page.waitForTimeout(2000);
      21 |         await this.SignInDropdownButton.click();
      22 |     }
        at LoginPage.LaunchURL (D:\PlayWright Automation\Deepam\Pages\BasePage\LoginPage.js:19:25)
        at D:\PlayWright Automation\Deepam\tests\DoctorTests\VideoConsultationTest.spec.js:22:25

    Error Context: ..\test-results\DoctorTests-VideoConsultat-d6922-ing-video-consultation-call-chromium\error-context.md
]]>
</failure>
<system-out>
<![CDATA[
[[ATTACHMENT|..\test-results\DoctorTests-VideoConsultat-d6922-ing-video-consultation-call-chromium\error-context.md]]
]]>
</system-out>
</testcase>
<testcase name="Video Consultation Tests for Doctor › TC004 - Verify that the Ongoing Appointments" classname="DoctorTests\VideoConsultationTest.spec.js" time="6.34">
<skipped>
</skipped>
</testcase>
</testsuite>
</testsuites>